// Jest Snapshot v1, https://goo.gl/fbAQLP

exports[`<User /> render() renders the component 1`] = `
<User
  signup={[Function]}
  store={
    Object {
      "clearActions": [Function],
      "dispatch": [Function],
      "getActions": [Function],
      "getState": [Function],
      "replaceReducer": [Function],
      "subscribe": [Function],
    }
  }
/>
`;
